// Jest Snapshot v1, https://goo.gl/fbAQLP

exports[`renders correctly 1`] = `
Array [
  <TextInput
    onChangeText={[Function]}
    placeholder="Search"
    style={
      Object {
        "fontSize": 18,
        "margin": 6,
      }
    }
    testID="searchbar"
  />,
  <RCTScrollView>
    <View>
      <View
        style={
          Object {
            "alignItems": "center",
            "flexDirection": "row",
            "height": 200,
            "margin": 8,
          }
        }
      >
        <Image
          source={
            Object {
              "uri": "https://www.themealdb.com/images/media/meals/ustsqw1468250014.jpg",
            }
          }
          style={
            Object {
              "aspectRatio": 1,
              "height": "100%",
              "marginRight": 8,
            }
          }
        />
        <View
          style={
            Object {
              "flex": 1,
              "height": "100%",
              "justifyContent": "flex-start",
            }
          }
        >
          <Text
            style={
              Object {
                "fontSize": 24,
              }
            }
          >
            Spicy Arrabiata Penne
          </Text>
          <Text
            style={
              Object {
                "fontSize": 12,
              }
            }
          >
            Vegetarian
          </Text>
        </View>
      </View>
    </View>
  </RCTScrollView>,
]
`;
