// Jest Snapshot v1, https://goo.gl/fbAQLP

exports[`renders correctly 1`] = `
<TextInput
  onChangeText={[Function]}
  testID="searchbar"
/>
`;
